     1                                  section .data
     2 00000000 00000000                    seed dd 0x0 ; Seed initial
     3 00000004 00000000                    random dd 0x0 ; Nombre aléatoire
     4                                  
     5                                  section .text
     6                                      global _start
     7                                   
     8                                  _start:
     9                                      ; Initialisation du générateur
    10 00000000 8B0425[00000000]            mov eax, [seed]
    11 00000007 83C03D                      add eax, 0x3D
    12 0000000A C1C007                      rol eax, 0x7
    13 0000000D 890425[00000000]            mov [seed], eax
    14                                   
    15                                      ; Calcul du nombre aléatoire
    16 00000014 8B0425[00000000]            mov eax, [seed]
    17 0000001B 83F03F                      xor eax, 0x3F
    18 0000001E 25FF000000                  and eax, 0xFF
    19 00000023 890425[04000000]            mov [random], eax
    20                                   
    21                                      ; Fin de programme
    22 0000002A B83C000000                  mov eax, 60 ; syscall exit
    23 0000002F 31FF                        xor edi, edi ; exit code 0
    24 00000031 0F05                        syscall
